[2026-05-28 17:25:26,398: INFO: main: Welcome to PYTHON ADVANCE BATCH 1 logs:]
[2026-05-28 17:25:48,409: INFO: main: Welcome to PYTHON ADVANCE BATCH 1 logs:]
[2026-05-29 17:27:36,370: INFO: common: YAML file config\config.yaml loaded successfully:]
[2026-05-29 17:29:07,278: INFO: common: YAML file config\config.yaml loaded successfully:]
[2026-05-29 17:29:07,278: INFO: common: YAML file params.yaml loaded successfully:]
[2026-05-29 17:29:07,278: INFO: common: created directory at: artifacts:]
[2026-05-29 17:29:07,278: INFO: common: created directory at: artifacts/data_ingestion:]
[2026-05-29 17:29:08,351: INFO: 4037744573: artifacts/data_ingestion/data.zip download! with following info: 
Connection: close
Content-Length: 11616915
Cache-Control: max-age=300
Content-Security-Policy: default-src 'none'; style-src 'unsafe-inline'; sandbox
Content-Type: application/zip
ETag: "adf745abc03891fe493c3be264ec012691fe3fa21d861f35a27edbe6d86a76b1"
Strict-Transport-Security: max-age=31536000
X-Content-Type-Options: nosniff
X-Frame-Options: deny
X-XSS-Protection: 1; mode=block
X-GitHub-Request-Id: A31A:2FB4BD:80E934:9CFEAA:6A197931
Accept-Ranges: bytes
Date: Fri, 29 May 2026 11:58:56 GMT
Via: 1.1 varnish
X-Served-By: cache-del-vibw2260022-DEL
X-Cache: HIT
X-Cache-Hits: 0
X-Timer: S1780055936.186256,VS0,VE263
Vary: Authorization,Accept-Encoding
Access-Control-Allow-Origin: *
Cross-Origin-Resource-Policy: cross-origin
X-Fastly-Request-ID: a126005bd0a730a19ea26ab4ac313852c522aaec
Expires: Fri, 29 May 2026 12:03:56 GMT
Source-Age: 0

:]
[2026-06-02 16:33:35,521: INFO: common: YAML file config\config.yaml loaded successfully:]
[2026-06-02 16:33:35,549: INFO: common: YAML file params.yaml loaded successfully:]
[2026-06-02 16:33:35,551: INFO: common: created directory at: artifacts:]
[2026-06-02 16:33:35,553: INFO: common: created directory at: artifacts/data_ingestion:]
[2026-06-02 16:33:35,556: INFO: 4037744573: File already exists of size: ~ 11345 KB:]
[2026-06-02 16:56:47,178: INFO: main: >>>>>> Data Ingestion Stage started <<<<<<:]
[2026-06-02 16:56:47,182: INFO: common: YAML file config\config.yaml loaded successfully:]
[2026-06-02 16:56:47,184: INFO: common: YAML file params.yaml loaded successfully:]
[2026-06-02 16:56:47,184: INFO: common: created directory at: artifacts:]
[2026-06-02 16:56:47,186: INFO: common: created directory at: artifacts/data_ingestion:]
[2026-06-02 16:56:47,186: INFO: data_ingestion: File already exists of size: ~ 11345 KB:]
[2026-06-02 16:56:47,671: INFO: main: >>>>>> Data Ingestion Stage completed <<<<<<

x==========x:]
